C:\Users\Acer\Documents\Github\AISEP_Capstone-BE\src\AISEP.Infrastructure\Services\AiRecommendationService.cs(137,29): error CS1061: 'Startup' does not contain a definition for 'Stage' and no accessible extension method 'Stage' accepting a first argument of type 'Startup' could be found (are you missing a using directive or an assembly reference?) [C:\Users\Acer\Documents\Github\AISEP_Capstone-BE\src\AISEP.Infrastructure\AISEP.Infrastructure.csproj]
C:\Users\Acer\Documents\Github\AISEP_Capstone-BE\src\AISEP.Infrastructure\Services\AdvisorService.cs(446,31): error CS8072: An expression tree lambda may not contain a null propagating operator. [C:\Users\Acer\Documents\Github\AISEP_Capstone-BE\src\AISEP.Infrastructure\AISEP.Infrastructure.csproj]
C:\Users\Acer\Documents\Github\AISEP_Capstone-BE\src\AISEP.Infrastructure\Services\StartupService.cs(749,38): error CS0019: Operator '==' cannot be applied to operands of type 'int?' and 'StartupStage' [C:\Users\Acer\Documents\Github\AISEP_Capstone-BE\src\AISEP.Infrastructure\AISEP.Infrastructure.csproj]
C:\Users\Acer\Documents\Github\AISEP_Capstone-BE\src\AISEP.Infrastructure\Services\InvestorService.cs(332,29): error CS1061: 'Startup' does not contain a definition for 'Stage' and no accessible extension method 'Stage' accepting a first argument of type 'Startup' could be found (are you missing a using directive or an assembly reference?) [C:\Users\Acer\Documents\Github\AISEP_Capstone-BE\src\AISEP.Infrastructure\AISEP.Infrastructure.csproj]
C:\Users\Acer\Documents\Github\AISEP_Capstone-BE\src\AISEP.Infrastructure\Services\RecommendationService.cs(93,78): error CS1061: 'InvestorIndustryFocus' does not contain a definition for 'Industry' and no accessible extension method 'Industry' accepting a first argument of type 'InvestorIndustryFocus' could be found (are you missing a using directive or an assembly reference?) [C:\Users\Acer\Documents\Github\AISEP_Capstone-BE\src\AISEP.Infrastructure\AISEP.Infrastructure.csproj]
C:\Users\Acer\Documents\Github\AISEP_Capstone-BE\src\AISEP.Infrastructure\Services\RecommendationService.cs(95,65): error CS1061: 'InvestorPreferences' does not contain a definition for 'PreferredIndustries' and no accessible extension method 'PreferredIndustries' accepting a first argument of type 'InvestorPreferences' could be found (are you missing a using directive or an assembly reference?) [C:\Users\Acer\Documents\Github\AISEP_Capstone-BE\src\AISEP.Infrastructure\AISEP.Infrastructure.csproj]
C:\Users\Acer\Documents\Github\AISEP_Capstone-BE\src\AISEP.Infrastructure\Services\RecommendationService.cs(97,67): error CS1061: 'InvestorStageFocus' does not contain a definition for 'Stage' and no accessible extension method 'Stage' accepting a first argument of type 'InvestorStageFocus' could be found (are you missing a using directive or an assembly reference?) [C:\Users\Acer\Documents\Github\AISEP_Capstone-BE\src\AISEP.Infrastructure\AISEP.Infrastructure.csproj]
C:\Users\Acer\Documents\Github\AISEP_Capstone-BE\src\AISEP.Infrastructure\Services\RecommendationService.cs(99,61): error CS1061: 'InvestorPreferences' does not contain a definition for 'PreferredStages' and no accessible extension method 'PreferredStages' accepting a first argument of type 'InvestorPreferences' could be found (are you missing a using directive or an assembly reference?) [C:\Users\Acer\Documents\Github\AISEP_Capstone-BE\src\AISEP.Infrastructure\AISEP.Infrastructure.csproj]
C:\Users\Acer\Documents\Github\AISEP_Capstone-BE\src\AISEP.Infrastructure\Services\RecommendationService.cs(116,19): error CS1061: 'Startup' does not contain a definition for 'Stage' and no accessible extension method 'Stage' accepting a first argument of type 'Startup' could be found (are you missing a using directive or an assembly reference?) [C:\Users\Acer\Documents\Github\AISEP_Capstone-BE\src\AISEP.Infrastructure\AISEP.Infrastructure.csproj]
C:\Users\Acer\Documents\Github\AISEP_Capstone-BE\src\AISEP.Infrastructure\Services\RecommendationService.cs(116,75): error CS1061: 'Startup' does not contain a definition for 'Stage' and no accessible extension method 'Stage' accepting a first argument of type 'Startup' could be found (are you missing a using directive or an assembly reference?) [C:\Users\Acer\Documents\Github\AISEP_Capstone-BE\src\AISEP.Infrastructure\AISEP.Infrastructure.csproj]
C:\Users\Acer\Documents\Github\AISEP_Capstone-BE\src\AISEP.Infrastructure\Services\RecommendationService.cs(119,54): error CS1061: 'Startup' does not contain a definition for 'Stage' and no accessible extension method 'Stage' accepting a first argument of type 'Startup' could be found (are you missing a using directive or an assembly reference?) [C:\Users\Acer\Documents\Github\AISEP_Capstone-BE\src\AISEP.Infrastructure\AISEP.Infrastructure.csproj]
C:\Users\Acer\Documents\Github\AISEP_Capstone-BE\src\AISEP.Infrastructure\Services\InvestorService.cs(371,35): error CS1061: 'Startup' does not contain a definition for 'Stage' and no accessible extension method 'Stage' accepting a first argument of type 'Startup' could be found (are you missing a using directive or an assembly reference?) [C:\Users\Acer\Documents\Github\AISEP_Capstone-BE\src\AISEP.Infrastructure\AISEP.Infrastructure.csproj]
C:\Users\Acer\Documents\Github\AISEP_Capstone-BE\src\AISEP.Infrastructure\Services\InvestorService.cs(371,61): error CS1061: 'Startup' does not contain a definition for 'Stage' and no accessible extension method 'Stage' accepting a first argument of type 'Startup' could be found (are you missing a using directive or an assembly reference?) [C:\Users\Acer\Documents\Github\AISEP_Capstone-BE\src\AISEP.Infrastructure\AISEP.Infrastructure.csproj]
C:\Users\Acer\Documents\Github\AISEP_Capstone-BE\src\AISEP.Infrastructure\Services\InvestorService.cs(477,44): error CS1061: 'Startup' does not contain a definition for 'Stage' and no accessible extension method 'Stage' accepting a first argument of type 'Startup' could be found (are you missing a using directive or an assembly reference?) [C:\Users\Acer\Documents\Github\AISEP_Capstone-BE\src\AISEP.Infrastructure\AISEP.Infrastructure.csproj]
C:\Users\Acer\Documents\Github\AISEP_Capstone-BE\src\AISEP.Infrastructure\Services\InvestorService.cs(497,27): error CS1061: 'Startup' does not contain a definition for 'Stage' and no accessible extension method 'Stage' accepting a first argument of type 'Startup' could be found (are you missing a using directive or an assembly reference?) [C:\Users\Acer\Documents\Github\AISEP_Capstone-BE\src\AISEP.Infrastructure\AISEP.Infrastructure.csproj]
C:\Users\Acer\Documents\Github\AISEP_Capstone-BE\src\AISEP.Infrastructure\Services\InvestorService.cs(497,45): error CS1061: 'Startup' does not contain a definition for 'Stage' and no accessible extension method 'Stage' accepting a first argument of type 'Startup' could be found (are you missing a using directive or an assembly reference?) [C:\Users\Acer\Documents\Github\AISEP_Capstone-BE\src\AISEP.Infrastructure\AISEP.Infrastructure.csproj]
C:\Users\Acer\Documents\Github\AISEP_Capstone-BE\src\AISEP.Infrastructure\Services\RegistrationApprovalService.cs(586,21): error CS0117: 'StartupListItemDto' does not contain a definition for 'Stage' [C:\Users\Acer\Documents\Github\AISEP_Capstone-BE\src\AISEP.Infrastructure\AISEP.Infrastructure.csproj]
C:\Users\Acer\Documents\Github\AISEP_Capstone-BE\src\AISEP.Infrastructure\Services\RegistrationApprovalService.cs(586,39): error CS1061: 'Startup' does not contain a definition for 'Stage' and no accessible extension method 'Stage' accepting a first argument of type 'Startup' could be found (are you missing a using directive or an assembly reference?) [C:\Users\Acer\Documents\Github\AISEP_Capstone-BE\src\AISEP.Infrastructure\AISEP.Infrastructure.csproj]
C:\Users\Acer\Documents\Github\AISEP_Capstone-BE\src\AISEP.Infrastructure\Services\RegistrationApprovalService.cs(586,65): error CS1061: 'Startup' does not contain a definition for 'Stage' and no accessible extension method 'Stage' accepting a first argument of type 'Startup' could be found (are you missing a using directive or an assembly reference?) [C:\Users\Acer\Documents\Github\AISEP_Capstone-BE\src\AISEP.Infrastructure\AISEP.Infrastructure.csproj]
C:\Users\Acer\Documents\Github\AISEP_Capstone-BE\src\AISEP.Infrastructure\Services\RegistrationApprovalService.cs(596,29): error CS0029: Cannot implicitly convert type 'System.Collections.Generic.List<T>' to 'System.Collections.Generic.List<AISEP.Application.DTOs.Startup.StartupListItemDto>' [C:\Users\Acer\Documents\Github\AISEP_Capstone-BE\src\AISEP.Infrastructure\AISEP.Infrastructure.csproj]
C:\Users\Acer\Documents\Github\AISEP_Capstone-BE\src\AISEP.Infrastructure\Services\RegistrationApprovalService.cs(850,17): error CS0117: 'StartupDto' does not contain a definition for 'Stage' [C:\Users\Acer\Documents\Github\AISEP_Capstone-BE\src\AISEP.Infrastructure\AISEP.Infrastructure.csproj]
C:\Users\Acer\Documents\Github\AISEP_Capstone-BE\src\AISEP.Infrastructure\Services\RegistrationApprovalService.cs(850,33): error CS1061: 'Startup' does not contain a definition for 'Stage' and no accessible extension method 'Stage' accepting a first argument of type 'Startup' could be found (are you missing a using directive or an assembly reference?) [C:\Users\Acer\Documents\Github\AISEP_Capstone-BE\src\AISEP.Infrastructure\AISEP.Infrastructure.csproj]
C:\Users\Acer\Documents\Github\AISEP_Capstone-BE\src\AISEP.Infrastructure\Services\RegistrationApprovalService.cs(862,17): error CS0117: 'StartupDto' does not contain a definition for 'SubIndustry' [C:\Users\Acer\Documents\Github\AISEP_Capstone-BE\src\AISEP.Infrastructure\AISEP.Infrastructure.csproj]
C:\Users\Acer\Documents\Github\AISEP_Capstone-BE\src\AISEP.Infrastructure\Services\RegistrationApprovalService.cs(862,39): error CS1061: 'Startup' does not contain a definition for 'SubIndustry' and no accessible extension method 'SubIndustry' accepting a first argument of type 'Startup' could be found (are you missing a using directive or an assembly reference?) [C:\Users\Acer\Documents\Github\AISEP_Capstone-BE\src\AISEP.Infrastructure\AISEP.Infrastructure.csproj]
C:\Users\Acer\Documents\Github\AISEP_Capstone-BE\src\AISEP.Infrastructure\Services\StartupService.cs(1725,35): error CS0029: Cannot implicitly convert type 'System.Collections.Generic.List<string>' to 'System.Collections.Generic.List<AISEP.Application.DTOs.Investor.IndustryFocusDto>' [C:\Users\Acer\Documents\Github\AISEP_Capstone-BE\src\AISEP.Infrastructure\AISEP.Infrastructure.csproj]
C:\Users\Acer\Documents\Github\AISEP_Capstone-BE\src\AISEP.Infrastructure\Services\StartupService.cs(1726,31): error CS0029: Cannot implicitly convert type 'System.Collections.Generic.List<string>' to 'System.Collections.Generic.List<AISEP.Application.DTOs.Investor.StageFocusDto>' [C:\Users\Acer\Documents\Github\AISEP_Capstone-BE\src\AISEP.Infrastructure\AISEP.Infrastructure.csproj]
C:\Users\Acer\Documents\Github\AISEP_Capstone-BE\src\AISEP.Infrastructure\Services\InvestorService.cs(1114,49): error CS0117: 'IndustryFocusDto' does not contain a definition for 'FocusId' [C:\Users\Acer\Documents\Github\AISEP_Capstone-BE\src\AISEP.Infrastructure\AISEP.Infrastructure.csproj]
C:\Users\Acer\Documents\Github\AISEP_Capstone-BE\src\AISEP.Infrastructure\Services\InvestorService.cs(1114,70): error CS0117: 'IndustryFocusDto' does not contain a definition for 'Industry' [C:\Users\Acer\Documents\Github\AISEP_Capstone-BE\src\AISEP.Infrastructure\AISEP.Infrastructure.csproj]
C:\Users\Acer\Documents\Github\AISEP_Capstone-BE\src\AISEP.Infrastructure\Services\InvestorService.cs(1114,83): error CS1061: 'InvestorIndustryFocus' does not contain a definition for 'Industry' and no accessible extension method 'Industry' accepting a first argument of type 'InvestorIndustryFocus' could be found (are you missing a using directive or an assembly reference?) [C:\Users\Acer\Documents\Github\AISEP_Capstone-BE\src\AISEP.Infrastructure\AISEP.Infrastructure.csproj]
C:\Users\Acer\Documents\Github\AISEP_Capstone-BE\src\AISEP.Infrastructure\Services\InvestorService.cs(1127,69): error CS1061: 'InvestorIndustryFocus' does not contain a definition for 'Industry' and no accessible extension method 'Industry' accepting a first argument of type 'InvestorIndustryFocus' could be found (are you missing a using directive or an assembly reference?) [C:\Users\Acer\Documents\Github\AISEP_Capstone-BE\src\AISEP.Infrastructure\AISEP.Infrastructure.csproj]
C:\Users\Acer\Documents\Github\AISEP_Capstone-BE\src\AISEP.Infrastructure\Services\InvestorService.cs(1134,13): error CS0117: 'InvestorIndustryFocus' does not contain a definition for 'Industry' [C:\Users\Acer\Documents\Github\AISEP_Capstone-BE\src\AISEP.Infrastructure\AISEP.Infrastructure.csproj]
C:\Users\Acer\Documents\Github\AISEP_Capstone-BE\src\AISEP.Infrastructure\Services\InvestorService.cs(1140,36): error CS0117: 'IndustryFocusDto' does not contain a definition for 'FocusId' [C:\Users\Acer\Documents\Github\AISEP_Capstone-BE\src\AISEP.Infrastructure\AISEP.Infrastructure.csproj]
C:\Users\Acer\Documents\Github\AISEP_Capstone-BE\src\AISEP.Infrastructure\Services\InvestorService.cs(1140,61): error CS0117: 'IndustryFocusDto' does not contain a definition for 'Industry' [C:\Users\Acer\Documents\Github\AISEP_Capstone-BE\src\AISEP.Infrastructure\AISEP.Infrastructure.csproj]
C:\Users\Acer\Documents\Github\AISEP_Capstone-BE\src\AISEP.Infrastructure\Services\InvestorService.cs(1140,78): error CS1061: 'InvestorIndustryFocus' does not contain a definition for 'Industry' and no accessible extension method 'Industry' accepting a first argument of type 'InvestorIndustryFocus' could be found (are you missing a using directive or an assembly reference?) [C:\Users\Acer\Documents\Github\AISEP_Capstone-BE\src\AISEP.Infrastructure\AISEP.Infrastructure.csproj]
C:\Users\Acer\Documents\Github\AISEP_Capstone-BE\src\AISEP.Infrastructure\Services\InvestorService.cs(1174,46): error CS0117: 'StageFocusDto' does not contain a definition for 'StageFocusId' [C:\Users\Acer\Documents\Github\AISEP_Capstone-BE\src\AISEP.Infrastructure\AISEP.Infrastructure.csproj]
C:\Users\Acer\Documents\Github\AISEP_Capstone-BE\src\AISEP.Infrastructure\Services\InvestorService.cs(1174,77): error CS0117: 'StageFocusDto' does not contain a definition for 'Stage' [C:\Users\Acer\Documents\Github\AISEP_Capstone-BE\src\AISEP.Infrastructure\AISEP.Infrastructure.csproj]
C:\Users\Acer\Documents\Github\AISEP_Capstone-BE\src\AISEP.Infrastructure\Services\InvestorService.cs(1174,87): error CS1061: 'InvestorStageFocus' does not contain a definition for 'Stage' and no accessible extension method 'Stage' accepting a first argument of type 'InvestorStageFocus' could be found (are you missing a using directive or an assembly reference?) [C:\Users\Acer\Documents\Github\AISEP_Capstone-BE\src\AISEP.Infrastructure\AISEP.Infrastructure.csproj]
C:\Users\Acer\Documents\Github\AISEP_Capstone-BE\src\AISEP.Infrastructure\Services\InvestorService.cs(1290,35): error CS0029: Cannot implicitly convert type 'System.Collections.Generic.List<string>' to 'System.Collections.Generic.List<AISEP.Application.DTOs.Investor.IndustryFocusDto>' [C:\Users\Acer\Documents\Github\AISEP_Capstone-BE\src\AISEP.Infrastructure\AISEP.Infrastructure.csproj]
C:\Users\Acer\Documents\Github\AISEP_Capstone-BE\src\AISEP.Infrastructure\Services\InvestorService.cs(1291,31): error CS0029: Cannot implicitly convert type 'System.Collections.Generic.List<string>' to 'System.Collections.Generic.List<AISEP.Application.DTOs.Investor.StageFocusDto>' [C:\Users\Acer\Documents\Github\AISEP_Capstone-BE\src\AISEP.Infrastructure\AISEP.Infrastructure.csproj]

Build FAILED.
    2 Warning(s)
    39 Error(s)

Time Elapsed 00:00:01.80
